2025-09-29 16:07:03,045 - HuggingFaceGUI - ERROR - An error occurred while searching for models: 401 Client Error: Unauthorized for url: https://huggingface.co/api/models?search=test (Request ID: Root=1-68daaea7-4d99fb2a3dcc8425574a9e1c;5ad4b55d-21e3-4faa-a683-cfaeccbbf1be)

Invalid credentials in Authorization header
Traceback (most recent call last):
  File "/home/jules/.pyenv/versions/3.12.11/lib/python3.12/site-packages/huggingface_hub/utils/_http.py", line 407, in hf_raise_for_status
    response.raise_for_status()
  File "/home/jules/.pyenv/versions/3.12.11/lib/python3.12/site-packages/requests/models.py", line 1026, in raise_for_status
    raise HTTPError(http_error_msg, response=self)
requests.exceptions.HTTPError: 401 Client Error: Unauthorized for url: https://huggingface.co/api/models?search=test

The above exception was the direct cause of the following exception:

Traceback (most recent call last):
  File "/app/src/huggingface_service.py", line 57, in search_models
    return list(models)
           ^^^^^^^^^^^^
  File "/home/jules/.pyenv/versions/3.12.11/lib/python3.12/site-packages/huggingface_hub/hf_api.py", line 2079, in list_models
    for item in items:
                ^^^^^
  File "/home/jules/.pyenv/versions/3.12.11/lib/python3.12/site-packages/huggingface_hub/utils/_pagination.py", line 37, in paginate
    hf_raise_for_status(r)
  File "/home/jules/.pyenv/versions/3.12.11/lib/python3.12/site-packages/huggingface_hub/utils/_http.py", line 480, in hf_raise_for_status
    raise _format(HfHubHTTPError, str(e), response) from e
huggingface_hub.errors.HfHubHTTPError: 401 Client Error: Unauthorized for url: https://huggingface.co/api/models?search=test (Request ID: Root=1-68daaea7-4d99fb2a3dcc8425574a9e1c;5ad4b55d-21e3-4faa-a683-cfaeccbbf1be)

Invalid credentials in Authorization header
2025-09-29 16:07:03,125 - HuggingFaceGUI - ERROR - An error occurred while searching for models: 401 Client Error: Unauthorized for url: https://huggingface.co/api/models?search=test&limit=1 (Request ID: Root=1-68daaea7-78e50e1c696702e4510e5c91;fde6338b-cbc0-4b37-8843-408e506a6f63)

Invalid credentials in Authorization header
Traceback (most recent call last):
  File "/home/jules/.pyenv/versions/3.12.11/lib/python3.12/site-packages/huggingface_hub/utils/_http.py", line 407, in hf_raise_for_status
    response.raise_for_status()
  File "/home/jules/.pyenv/versions/3.12.11/lib/python3.12/site-packages/requests/models.py", line 1026, in raise_for_status
    raise HTTPError(http_error_msg, response=self)
requests.exceptions.HTTPError: 401 Client Error: Unauthorized for url: https://huggingface.co/api/models?search=test&limit=1

The above exception was the direct cause of the following exception:

Traceback (most recent call last):
  File "/app/src/huggingface_service.py", line 57, in search_models
    return list(models)
           ^^^^^^^^^^^^
  File "/home/jules/.pyenv/versions/3.12.11/lib/python3.12/site-packages/huggingface_hub/hf_api.py", line 2079, in list_models
    for item in items:
                ^^^^^
  File "/home/jules/.pyenv/versions/3.12.11/lib/python3.12/site-packages/huggingface_hub/utils/_pagination.py", line 37, in paginate
    hf_raise_for_status(r)
  File "/home/jules/.pyenv/versions/3.12.11/lib/python3.12/site-packages/huggingface_hub/utils/_http.py", line 480, in hf_raise_for_status
    raise _format(HfHubHTTPError, str(e), response) from e
huggingface_hub.errors.HfHubHTTPError: 401 Client Error: Unauthorized for url: https://huggingface.co/api/models?search=test&limit=1 (Request ID: Root=1-68daaea7-78e50e1c696702e4510e5c91;fde6338b-cbc0-4b37-8843-408e506a6f63)

Invalid credentials in Authorization header
2025-09-29 16:07:49,872 - HuggingFaceGUI - ERROR - An error occurred while searching for models: API Failure
Traceback (most recent call last):
  File "/app/src/huggingface_service.py", line 49, in search_models
    models = self._api.list_models(
             ^^^^^^^^^^^^^^^^^^^^^^
  File "/home/jules/.pyenv/versions/3.12.11/lib/python3.12/unittest/mock.py", line 1139, in __call__
    return self._mock_call(*args, **kwargs)
           ^^^^^^^^^^^^^^^^^^^^^^^^^^^^^^^^
  File "/home/jules/.pyenv/versions/3.12.11/lib/python3.12/unittest/mock.py", line 1143, in _mock_call
    return self._execute_mock_call(*args, **kwargs)
           ^^^^^^^^^^^^^^^^^^^^^^^^^^^^^^^^^^^^^^^^
  File "/home/jules/.pyenv/versions/3.12.11/lib/python3.12/unittest/mock.py", line 1198, in _execute_mock_call
    raise effect
Exception: API Failure
2025-09-29 16:40:43,590 - HuggingFaceGUI - ERROR - An error occurred while searching for models: API Failure
Traceback (most recent call last):
  File "/app/src/huggingface_service.py", line 49, in search_models
    models = self._api.list_models(
             ^^^^^^^^^^^^^^^^^^^^^^
  File "/home/jules/.pyenv/versions/3.12.11/lib/python3.12/unittest/mock.py", line 1139, in __call__
    return self._mock_call(*args, **kwargs)
           ^^^^^^^^^^^^^^^^^^^^^^^^^^^^^^^^
  File "/home/jules/.pyenv/versions/3.12.11/lib/python3.12/unittest/mock.py", line 1143, in _mock_call
    return self._execute_mock_call(*args, **kwargs)
           ^^^^^^^^^^^^^^^^^^^^^^^^^^^^^^^^^^^^^^^^
  File "/home/jules/.pyenv/versions/3.12.11/lib/python3.12/unittest/mock.py", line 1198, in _execute_mock_call
    raise effect
Exception: API Failure
2025-09-29 17:37:44,409 - HuggingFaceGUI - ERROR - An error occurred while searching for models: API Failure
Traceback (most recent call last):
  File "/app/src/huggingface_service.py", line 52, in search_models
    models = self._api.list_models(
             ^^^^^^^^^^^^^^^^^^^^^^
  File "/home/jules/.pyenv/versions/3.12.11/lib/python3.12/unittest/mock.py", line 1139, in __call__
    return self._mock_call(*args, **kwargs)
           ^^^^^^^^^^^^^^^^^^^^^^^^^^^^^^^^
  File "/home/jules/.pyenv/versions/3.12.11/lib/python3.12/unittest/mock.py", line 1143, in _mock_call
    return self._execute_mock_call(*args, **kwargs)
           ^^^^^^^^^^^^^^^^^^^^^^^^^^^^^^^^^^^^^^^^
  File "/home/jules/.pyenv/versions/3.12.11/lib/python3.12/unittest/mock.py", line 1198, in _execute_mock_call
    raise effect
Exception: API Failure
2025-09-29 17:38:07,673 - HuggingFaceGUI - ERROR - An error occurred while searching for models: API Failure
Traceback (most recent call last):
  File "/app/src/huggingface_service.py", line 52, in search_models
    models = self._api.list_models(
             ^^^^^^^^^^^^^^^^^^^^^^
  File "/home/jules/.pyenv/versions/3.12.11/lib/python3.12/unittest/mock.py", line 1139, in __call__
    return self._mock_call(*args, **kwargs)
           ^^^^^^^^^^^^^^^^^^^^^^^^^^^^^^^^
  File "/home/jules/.pyenv/versions/3.12.11/lib/python3.12/unittest/mock.py", line 1143, in _mock_call
    return self._execute_mock_call(*args, **kwargs)
           ^^^^^^^^^^^^^^^^^^^^^^^^^^^^^^^^^^^^^^^^
  File "/home/jules/.pyenv/versions/3.12.11/lib/python3.12/unittest/mock.py", line 1198, in _execute_mock_call
    raise effect
Exception: API Failure
2025-09-29 17:38:42,179 - HuggingFaceGUI - WARNING - Cache directory not found for model non-existent/model at /home/jules/.cache/huggingface/hub/models--non-existent--model. No action taken.
2025-09-29 17:38:42,182 - HuggingFaceGUI - INFO - Deleting cache directory: /home/jules/.cache/huggingface/hub/models--org--model-name
2025-09-29 17:38:42,182 - HuggingFaceGUI - INFO - Successfully deleted cache for model org/model-name.
2025-09-29 17:38:42,193 - HuggingFaceGUI - ERROR - An error occurred while searching for models: API Failure
Traceback (most recent call last):
  File "/app/src/huggingface_service.py", line 52, in search_models
    models = self._api.list_models(
             ^^^^^^^^^^^^^^^^^^^^^^
  File "/home/jules/.pyenv/versions/3.12.11/lib/python3.12/unittest/mock.py", line 1139, in __call__
    return self._mock_call(*args, **kwargs)
           ^^^^^^^^^^^^^^^^^^^^^^^^^^^^^^^^
  File "/home/jules/.pyenv/versions/3.12.11/lib/python3.12/unittest/mock.py", line 1143, in _mock_call
    return self._execute_mock_call(*args, **kwargs)
           ^^^^^^^^^^^^^^^^^^^^^^^^^^^^^^^^^^^^^^^^
  File "/home/jules/.pyenv/versions/3.12.11/lib/python3.12/unittest/mock.py", line 1198, in _execute_mock_call
    raise effect
Exception: API Failure
2025-09-29 17:39:09,860 - HuggingFaceGUI - WARNING - Cache directory not found for model non-existent/model at /home/jules/.cache/huggingface/hub/models--non-existent--model. No action taken.
2025-09-29 17:39:09,862 - HuggingFaceGUI - INFO - Deleting cache directory: /home/jules/.cache/huggingface/hub/models--org--model-name
2025-09-29 17:39:09,862 - HuggingFaceGUI - INFO - Successfully deleted cache for model org/model-name.
2025-09-29 17:39:09,868 - HuggingFaceGUI - ERROR - An error occurred while searching for models: API Failure
Traceback (most recent call last):
  File "/app/src/huggingface_service.py", line 52, in search_models
    models = self._api.list_models(
             ^^^^^^^^^^^^^^^^^^^^^^
  File "/home/jules/.pyenv/versions/3.12.11/lib/python3.12/unittest/mock.py", line 1139, in __call__
    return self._mock_call(*args, **kwargs)
           ^^^^^^^^^^^^^^^^^^^^^^^^^^^^^^^^
  File "/home/jules/.pyenv/versions/3.12.11/lib/python3.12/unittest/mock.py", line 1143, in _mock_call
    return self._execute_mock_call(*args, **kwargs)
           ^^^^^^^^^^^^^^^^^^^^^^^^^^^^^^^^^^^^^^^^
  File "/home/jules/.pyenv/versions/3.12.11/lib/python3.12/unittest/mock.py", line 1198, in _execute_mock_call
    raise effect
Exception: API Failure
2025-09-29 17:43:12,277 - HuggingFaceGUI - WARNING - Cache directory not found for model non-existent/model at /home/jules/.cache/huggingface/hub/models--non-existent--model. No action taken.
2025-09-29 17:43:12,280 - HuggingFaceGUI - INFO - Deleting cache directory: /home/jules/.cache/huggingface/hub/models--org--model-name
2025-09-29 17:43:12,280 - HuggingFaceGUI - INFO - Successfully deleted cache for model org/model-name.
2025-09-29 17:43:12,287 - HuggingFaceGUI - ERROR - An error occurred while searching for models: API Failure
Traceback (most recent call last):
  File "/app/src/huggingface_service.py", line 52, in search_models
    models = self._api.list_models(
             ^^^^^^^^^^^^^^^^^^^^^^
  File "/home/jules/.pyenv/versions/3.12.11/lib/python3.12/unittest/mock.py", line 1139, in __call__
    return self._mock_call(*args, **kwargs)
           ^^^^^^^^^^^^^^^^^^^^^^^^^^^^^^^^
  File "/home/jules/.pyenv/versions/3.12.11/lib/python3.12/unittest/mock.py", line 1143, in _mock_call
    return self._execute_mock_call(*args, **kwargs)
           ^^^^^^^^^^^^^^^^^^^^^^^^^^^^^^^^^^^^^^^^
  File "/home/jules/.pyenv/versions/3.12.11/lib/python3.12/unittest/mock.py", line 1198, in _execute_mock_call
    raise effect
Exception: API Failure
2025-09-29 19:11:52,517 - HuggingFaceGUI - WARNING - Cache directory not found for model non-existent/model at /home/jules/.cache/huggingface/hub/models--non-existent--model. No action taken.
2025-09-29 19:11:52,520 - HuggingFaceGUI - INFO - Deleting cache directory: /home/jules/.cache/huggingface/hub/models--org--model-name
2025-09-29 19:11:52,520 - HuggingFaceGUI - INFO - Successfully deleted cache for model org/model-name.
2025-09-29 19:11:52,525 - HuggingFaceGUI - ERROR - An error occurred while searching for models: API Failure
Traceback (most recent call last):
  File "/app/src/huggingface_service.py", line 52, in search_models
    models = self._api.list_models(
             ^^^^^^^^^^^^^^^^^^^^^^
  File "/home/jules/.pyenv/versions/3.12.11/lib/python3.12/unittest/mock.py", line 1139, in __call__
    return self._mock_call(*args, **kwargs)
           ^^^^^^^^^^^^^^^^^^^^^^^^^^^^^^^^
  File "/home/jules/.pyenv/versions/3.12.11/lib/python3.12/unittest/mock.py", line 1143, in _mock_call
    return self._execute_mock_call(*args, **kwargs)
           ^^^^^^^^^^^^^^^^^^^^^^^^^^^^^^^^^^^^^^^^
  File "/home/jules/.pyenv/versions/3.12.11/lib/python3.12/unittest/mock.py", line 1198, in _execute_mock_call
    raise effect
Exception: API Failure
2025-09-29 20:30:51,330 - HuggingFaceGUI - WARNING - Cache directory not found for model non-existent/model at /home/jules/.cache/huggingface/hub/models--non-existent--model. No action taken.
2025-09-29 20:30:51,333 - HuggingFaceGUI - INFO - Deleting cache directory: /home/jules/.cache/huggingface/hub/models--org--model-name
2025-09-29 20:30:51,334 - HuggingFaceGUI - INFO - Successfully deleted cache for model org/model-name.
2025-09-29 20:30:51,342 - HuggingFaceGUI - ERROR - An error occurred while searching for models: API Failure
Traceback (most recent call last):
  File "/app/src/huggingface_service.py", line 52, in search_models
    models = self._api.list_models(
             ^^^^^^^^^^^^^^^^^^^^^^
  File "/home/jules/.pyenv/versions/3.12.11/lib/python3.12/unittest/mock.py", line 1139, in __call__
    return self._mock_call(*args, **kwargs)
           ^^^^^^^^^^^^^^^^^^^^^^^^^^^^^^^^
  File "/home/jules/.pyenv/versions/3.12.11/lib/python3.12/unittest/mock.py", line 1143, in _mock_call
    return self._execute_mock_call(*args, **kwargs)
           ^^^^^^^^^^^^^^^^^^^^^^^^^^^^^^^^^^^^^^^^
  File "/home/jules/.pyenv/versions/3.12.11/lib/python3.12/unittest/mock.py", line 1198, in _execute_mock_call
    raise effect
Exception: API Failure
